#!comment: This list has been compiled by Solar Designer of Openwall Project,
#!comment: http://www.openwall.com/wordlists/
#!comment:
#!comment: Input wordlist files:
#!comment: 10001fr.equ, 366often.mis (mwords.tar.gz) -
#!comment:  Moby (tm) Words II by Grady Ward
#!comment: englex-dict.gz - Don Olivier, Harvard School of Public Health
#!comment: pocket-dic.gz - "pocket dictionary"
#!comment: special.eng.gz - "Special English", via Rick Harrison
#!comment: wordset_4k.c - originally from a passphrase generator on sci.crypt
Adam
Afghan
Alaska
Alice
Allah
Amazon
American
Andrew
Anglo
Angola
Antony
April
Arab
Arctic
Athens
Austin
Bach
Baltic
Basque
Berlin
Bible
Bombay
Bonn
Boston
Brazil
Briton
Brown
Buddha
Burma
Caesar
Cairo
Canada
Carl
Carol
Celtic
Chile
China
Christ
Christian
Congo
Congress
Cuba
Cyprus
Czech
Dallas
Danish
Darwin
David
Delhi
Derby
Diana
Doctor
Dublin
Dutch
East
Eden
Edward
England
English
Eric
Essex
Europe
Eve
Exodus
France
French
Friday
Gandhi
Gaul
Gemini
Geneva
George
German
Gloria
God
Gothic
Greece
Greek
Hague
Haiti
Hanoi
Harry
Havana
Hawaii
Hebrew
Henry
Hermes
Hindu
Hitler
I
Idaho
Inca
India
Indian
Iowa
Iran
Iraq
Irish
Isaac
Isabel
Islam
Israel
Italy
Ivan
Jack
Jacob
James
Japan
Java
Jersey
Jesus
Jewish
Jim
John
Jordan
Joseph
Judas
Judy
July
June
Kansas
Karl
Kenya
Koran
Korea
Kuwait
Laos
Latin
Leo
Libya
Lima
Lisbon
Liz
London
Louvre
Lucy
Luther
Madame
Madrid
Malta
Maria
Mars
Mary
Maya
Mecca
Mexico
Miami
Mickey
Milan
Mister
Monaco
Monday
Moscow
Moses
Moslem
Mrs
Munich
Muslim
Naples
Nazi
Nepal
Newark
Nile
Nobel
North
Norway
Ohio
Oscar
Oslo
Oxford
Panama
Paris
Pascal
Paul
Peking
Peru
Peter
Philip
Poland
Polish
Prague
Quebec
Rex
Rhine
Ritz
Robert
Roman
Rome
Rosa
Russia
Sahara
Sam
Saturn
Saudi
Saxon
Scot
Seoul
Somali
Sony
Soviet
Spain
Stalin
Sudan
Suez
Sunday
Sweden
Swiss
Sydney
Syria
Taiwan
Tarzan
Taurus
Tehran
Teresa
Texas
Thomas
Tibet
Tokyo
Tom
Turk
Turkey
Uganda
Venice
Venus
Vienna
Viking
Virgo
Warsaw
Wednesday
West
Yale
Yemen
York
Zaire
Zurich
